g6 g3 s7 s3 s1 s5
g2 g4 g3 s7 s2 g5 s3 s4 g7 g6 s6 s5 g1 s1