g1 g4 s5 g2 g5
g5 g2 s5 s3 s2 s4
g3 g2 s5 s1 s2 s4 s3