s2 f2 s1 f1 s6 s13 s3
s6 s14 f2 s1 s15 f3 f1 s13 s4 s3
s14 f2 s11 s1 s15 f3 f1 s5 s13 s4 s3
g2 f4 s1 s5 s15 f3 f1 s11 s13 s4 s3
f4 f3 s1 s12 s5 s16 s15 s13 f1 s11 f5 s7 s4 s8 s3 s9 f7